Traceback (most recent call last):
  File "C:\Users\f1714\miniconda3\Lib\site-packages\jupyter_cache\executors\utils.py", line 58, in single_nb_execution
    executenb(
  File "C:\Users\f1714\miniconda3\Lib\site-packages\nbclient\client.py", line 1319, in execute
    return NotebookClient(nb=nb, resources=resources, km=km, **kwargs).execute()
           ^^^^^^^^^^^^^^^^^^^^^^^^^^^^^^^^^^^^^^^^^^^^^^^^^^^^^^^^^^^^^^^^^^^^^
  File "C:\Users\f1714\miniconda3\Lib\site-packages\jupyter_core\utils\__init__.py", line 165, in wrapped
    return loop.run_until_complete(inner)
           ^^^^^^^^^^^^^^^^^^^^^^^^^^^^^^
  File "C:\Users\f1714\miniconda3\Lib\asyncio\base_events.py", line 686, in run_until_complete
    return future.result()
           ^^^^^^^^^^^^^^^
  File "C:\Users\f1714\miniconda3\Lib\site-packages\nbclient\client.py", line 709, in async_execute
    await self.async_execute_cell(
  File "C:\Users\f1714\miniconda3\Lib\site-packages\nbclient\client.py", line 1062, in async_execute_cell
    await self._check_raise_for_error(cell, cell_index, exec_reply)
  File "C:\Users\f1714\miniconda3\Lib\site-packages\nbclient\client.py", line 918, in _check_raise_for_error
    raise CellExecutionError.from_cell_and_msg(cell, exec_reply_content)
nbclient.exceptions.CellExecutionError: An error occurred while executing the following cell:
------------------
plt.figure(figsize=(6, 4))
sns.countplot(x=train_df['store_and_fwd_flag'], hue=train_df['store_and_fwd_flag'], palette={"0": "blue", "1": "orange"})
plt.xlabel('store_and_fwd_flag')
plt.ylabel('Frecuencia')
plt.title('Distribución de store_and_fwd_flag')
plt.show()

------------------


[1;31m---------------------------------------------------------------------------[0m
[1;31mValueError[0m                                Traceback (most recent call last)
Cell [1;32mIn[24], line 2[0m
[0;32m      1[0m plt[38;5;241m.[39mfigure(figsize[38;5;241m=[39m([38;5;241m6[39m, [38;5;241m4[39m))
[1;32m----> 2[0m [43msns[49m[38;5;241;43m.[39;49m[43mcountplot[49m[43m([49m[43mx[49m[38;5;241;43m=[39;49m[43mtrain_df[49m[43m[[49m[38;5;124;43m'[39;49m[38;5;124;43mstore_and_fwd_flag[39;49m[38;5;124;43m'[39;49m[43m][49m[43m,[49m[43m [49m[43mhue[49m[38;5;241;43m=[39;49m[43mtrain_df[49m[43m[[49m[38;5;124;43m'[39;49m[38;5;124;43mstore_and_fwd_flag[39;49m[38;5;124;43m'[39;49m[43m][49m[43m,[49m[43m [49m[43mpalette[49m[38;5;241;43m=[39;49m[43m{[49m[38;5;124;43m"[39;49m[38;5;124;43m0[39;49m[38;5;124;43m"[39;49m[43m:[49m[43m [49m[38;5;124;43m"[39;49m[38;5;124;43mblue[39;49m[38;5;124;43m"[39;49m[43m,[49m[43m [49m[38;5;124;43m"[39;49m[38;5;124;43m1[39;49m[38;5;124;43m"[39;49m[43m:[49m[43m [49m[38;5;124;43m"[39;49m[38;5;124;43morange[39;49m[38;5;124;43m"[39;49m[43m}[49m[43m)[49m
[0;32m      3[0m plt[38;5;241m.[39mxlabel([38;5;124m'[39m[38;5;124mstore_and_fwd_flag[39m[38;5;124m'[39m)
[0;32m      4[0m plt[38;5;241m.[39mylabel([38;5;124m'[39m[38;5;124mFrecuencia[39m[38;5;124m'[39m)

File [1;32m~\miniconda3\Lib\site-packages\seaborn\categorical.py:2660[0m, in [0;36mcountplot[1;34m(data, x, y, hue, order, hue_order, orient, color, palette, saturation, fill, hue_norm, stat, width, dodge, gap, log_scale, native_scale, formatter, legend, ax, **kwargs)[0m
[0;32m   2657[0m palette, hue_order [38;5;241m=[39m p[38;5;241m.[39m_hue_backcompat(color, palette, hue_order)
[0;32m   2659[0m saturation [38;5;241m=[39m saturation [38;5;28;01mif[39;00m fill [38;5;28;01melse[39;00m [38;5;241m1[39m
[1;32m-> 2660[0m [43mp[49m[38;5;241;43m.[39;49m[43mmap_hue[49m[43m([49m[43mpalette[49m[38;5;241;43m=[39;49m[43mpalette[49m[43m,[49m[43m [49m[43morder[49m[38;5;241;43m=[39;49m[43mhue_order[49m[43m,[49m[43m [49m[43mnorm[49m[38;5;241;43m=[39;49m[43mhue_norm[49m[43m,[49m[43m [49m[43msaturation[49m[38;5;241;43m=[39;49m[43msaturation[49m[43m)[49m
[0;32m   2661[0m color [38;5;241m=[39m _default_color(ax[38;5;241m.[39mbar, hue, color, kwargs, saturation)
[0;32m   2663[0m count_axis [38;5;241m=[39m {[38;5;124m"[39m[38;5;124mx[39m[38;5;124m"[39m: [38;5;124m"[39m[38;5;124my[39m[38;5;124m"[39m, [38;5;124m"[39m[38;5;124my[39m[38;5;124m"[39m: [38;5;124m"[39m[38;5;124mx[39m[38;5;124m"[39m}[p[38;5;241m.[39morient]

File [1;32m~\miniconda3\Lib\site-packages\seaborn\_base.py:838[0m, in [0;36mVectorPlotter.map_hue[1;34m(self, palette, order, norm, saturation)[0m
[0;32m    837[0m [38;5;28;01mdef[39;00m[38;5;250m [39m[38;5;21mmap_hue[39m([38;5;28mself[39m, palette[38;5;241m=[39m[38;5;28;01mNone[39;00m, order[38;5;241m=[39m[38;5;28;01mNone[39;00m, norm[38;5;241m=[39m[38;5;28;01mNone[39;00m, saturation[38;5;241m=[39m[38;5;241m1[39m):
[1;32m--> 838[0m     mapping [38;5;241m=[39m [43mHueMapping[49m[43m([49m[38;5;28;43mself[39;49m[43m,[49m[43m [49m[43mpalette[49m[43m,[49m[43m [49m[43morder[49m[43m,[49m[43m [49m[43mnorm[49m[43m,[49m[43m [49m[43msaturation[49m[43m)[49m
[0;32m    839[0m     [38;5;28mself[39m[38;5;241m.[39m_hue_map [38;5;241m=[39m mapping

File [1;32m~\miniconda3\Lib\site-packages\seaborn\_base.py:150[0m, in [0;36mHueMapping.__init__[1;34m(self, plotter, palette, order, norm, saturation)[0m
[0;32m    147[0m [38;5;28;01melif[39;00m map_type [38;5;241m==[39m [38;5;124m"[39m[38;5;124mcategorical[39m[38;5;124m"[39m:
[0;32m    149[0m     cmap [38;5;241m=[39m norm [38;5;241m=[39m [38;5;28;01mNone[39;00m
[1;32m--> 150[0m     levels, lookup_table [38;5;241m=[39m [38;5;28;43mself[39;49m[38;5;241;43m.[39;49m[43mcategorical_mapping[49m[43m([49m
[0;32m    151[0m [43m        [49m[43mdata[49m[43m,[49m[43m [49m[43mpalette[49m[43m,[49m[43m [49m[43morder[49m[43m,[49m
[0;32m    152[0m [43m    [49m[43m)[49m
[0;32m    154[0m [38;5;66;03m# --- Option 3: datetime mapping[39;00m
[0;32m    155[0m 
[0;32m    156[0m [38;5;28;01melse[39;00m:
[0;32m    157[0m     [38;5;66;03m# TODO this needs actual implementation[39;00m
[0;32m    158[0m     cmap [38;5;241m=[39m norm [38;5;241m=[39m [38;5;28;01mNone[39;00m

File [1;32m~\miniconda3\Lib\site-packages\seaborn\_base.py:234[0m, in [0;36mHueMapping.categorical_mapping[1;34m(self, data, palette, order)[0m
[0;32m    232[0m     [38;5;28;01mif[39;00m [38;5;28many[39m(missing):
[0;32m    233[0m         err [38;5;241m=[39m [38;5;124m"[39m[38;5;124mThe palette dictionary is missing keys: [39m[38;5;132;01m{}[39;00m[38;5;124m"[39m
[1;32m--> 234[0m         [38;5;28;01mraise[39;00m [38;5;167;01mValueError[39;00m(err[38;5;241m.[39mformat(missing))
[0;32m    236[0m     lookup_table [38;5;241m=[39m palette
[0;32m    238[0m [38;5;28;01melse[39;00m:

[1;31mValueError[0m: The palette dictionary is missing keys: {0, 1}

